// Jest Snapshot v1, https://goo.gl/fbAQLP

exports[`should render <HooksApp></HooksApp> 1`] = `
<div>
  Hola mundo
</div>
`;
