// Jest Snapshot v1, https://goo.gl/fbAQLP

exports[`<HomeScreen /> should display 1`] = `
<div>
  <h1>
    HomeScreen 
  </h1>
  <hr />
  <pre>
    {
   "name": "user",
   "email": "user@example.com"
}
  </pre>
</div>
`;
