// Jest Snapshot v1, https://goo.gl/fbAQLP

exports[`<LoginScreen /> should display 1`] = `
<div>
  <h1>
    LoginScreen 
  </h1>
  <hr />
  <button
    className="btn btn-primary"
    onClick={[Function]}
  >
    Establecer nuevo valor
  </button>
</div>
`;
